// Jest Snapshot v1, https://goo.gl/fbAQLP

exports[`Directory component should render directory 1`] = `
<DocumentFragment>
  <div
    class="sc-jSgupP gFhuWt"
  >
    <div
      class="sc-bdfBwQ cueKct"
    >
      <div
        class="sc-gsTCUz CKdSB background-image"
      />
      <div
        class="sc-dlfnbm JasYd"
      >
        <span
          class="sc-hKgILt eLkpOW"
        >
          HATS
        </span>
        <span
          class="sc-eCssSg cAcTCL"
        >
          SHOP NOW
        </span>
      </div>
    </div>
  </div>
</DocumentFragment>
`;
