// Jest Snapshot v1, https://goo.gl/fbAQLP

exports[`StripeCheckoutButton component should render StripeCheckoutButton 1`] = `
<DocumentFragment>
  <button
    class="StripeCheckout"
    style="overflow: hidden; display: inline-block; border: 0px; padding: 1px; text-decoration: none; border-radius: 5px; box-shadow: 0 1px 0 rgba(0,0,0,0.2); cursor: pointer; visibility: visible; user-select: none;"
  >
    <span
      style="font-family: \\"Helvetica Neue\\",Helvetica,Arial,sans-serif; font-size: 14px; position: relative; padding: 0px 12px; display: block; height: 30px; line-height: 30px; color: rgb(255, 255, 255); font-weight: bold; box-shadow: inset 0 1px 0 rgba(255,255,255,0.25); text-shadow: 0 -1px 0 rgba(0,0,0,0.25); border-radius: 4px;"
    >
      Pay Now
    </span>
  </button>
</DocumentFragment>
`;
